<html>
<body>
<pre>
<h1>µVision Build Log</h1>
<h2>Project:</h2>
\\Mac\Home\Desktop\319k Labs\EE319KwareSpring2016\Lab3_EE319K_asm\Lab3.uvproj
Project File Date:  09/05/2016

<h2>Output:</h2>
Build target 'Lab3'
linking...
Program Size: Code=1968 RO-data=240 RW-data=48 ZI-data=1080  
".\Lab3.axf" - 0 Error(s), 0 Warning(s).
Load "\\\\Mac\\Home\\Desktop\\319k Labs\\EE319KwareSpring2016\\Lab3_EE319K_asm\\Lab3.axf" 
Connecting: Mode=JTAG, Speed=1000000Hz
Erase Done.
Programming Done.
Verify OK.
</pre>
</body>
</html>
